// Jest Snapshot v1, https://goo.gl/fbAQLP

exports[`test link to home 1`] = `[Function]`;
