// Jest Snapshot v1, https://goo.gl/fbAQLP

exports[`test link to home should match snapshot 1`] = `[Function]`;
